2026-09-11T17:28:38.407+00:00 run dir: data\fixrec_20260911
2026-09-11T17:28:38.407+00:00 deadline: 2026-09-11T22:00:00 local = 2026-09-11T19:00:00+00:00 | duration: 5482s
2026-09-11T17:28:38.408+00:00 symbols: ['XAUUSD', 'USDJPY'] | bar size: 25 ticks
2026-09-11T17:28:38.408+00:00 connecting (TLS + logon)...
2026-09-11T17:28:39.096+00:00 logon accepted
2026-09-11T17:28:39.527+00:00 target: XAUUSD id=41 digits=2
2026-09-11T17:28:39.528+00:00 target: USDJPY id=4 digits=3
2026-09-11T17:28:39.529+00:00 subscribed: XAUUSD=41, USDJPY=4
2026-09-11T17:33:38.556+00:00 status: XAUUSD ticks=1052 bars=42; USDJPY ticks=756 bars=30
2026-09-11T17:38:38.737+00:00 status: XAUUSD ticks=1957 bars=78; USDJPY ticks=1407 bars=56
2026-09-11T17:43:38.880+00:00 status: XAUUSD ticks=2973 bars=118; USDJPY ticks=2130 bars=85
2026-09-11T17:48:38.981+00:00 status: XAUUSD ticks=4026 bars=161; USDJPY ticks=2734 bars=109
2026-09-11T17:53:39.521+00:00 status: XAUUSD ticks=5043 bars=201; USDJPY ticks=3366 bars=134
2026-09-11T17:58:39.694+00:00 status: XAUUSD ticks=5957 bars=238; USDJPY ticks=3869 bars=154
2026-09-11T18:03:39.837+00:00 status: XAUUSD ticks=6940 bars=277; USDJPY ticks=4358 bars=174
2026-09-11T18:08:39.936+00:00 status: XAUUSD ticks=7896 bars=315; USDJPY ticks=4832 bars=193
2026-09-11T18:13:40.153+00:00 status: XAUUSD ticks=8856 bars=354; USDJPY ticks=5449 bars=217
2026-09-11T18:18:40.211+00:00 status: XAUUSD ticks=9923 bars=396; USDJPY ticks=6127 bars=245
2026-09-11T18:23:40.350+00:00 status: XAUUSD ticks=11057 bars=442; USDJPY ticks=7029 bars=281
2026-09-11T18:28:40.445+00:00 status: XAUUSD ticks=12127 bars=485; USDJPY ticks=7677 bars=307
2026-09-11T18:33:40.753+00:00 status: XAUUSD ticks=13182 bars=527; USDJPY ticks=8360 bars=334
2026-09-11T18:38:41.115+00:00 status: XAUUSD ticks=14167 bars=566; USDJPY ticks=9014 bars=360
2026-09-11T18:43:41.545+00:00 status: XAUUSD ticks=15079 bars=603; USDJPY ticks=9636 bars=385
2026-09-11T18:48:41.661+00:00 status: XAUUSD ticks=16007 bars=640; USDJPY ticks=10285 bars=411
2026-09-11T18:53:41.708+00:00 status: XAUUSD ticks=16863 bars=674; USDJPY ticks=10870 bars=434
2026-09-11T18:58:41.972+00:00 status: XAUUSD ticks=17765 bars=710; USDJPY ticks=11441 bars=457
2026-09-11T19:00:00.119+00:00 summary: wall=5482s reconnects=0
2026-09-11T19:00:00.119+00:00 final XAUUSD: ticks=17992 bars=720 first=2026-09-11T17:28:39.672+00:00 last=2026-09-11T19:00:00.102+00:00
2026-09-11T19:00:00.120+00:00 final USDJPY: ticks=11613 bars=465 first=2026-09-11T17:28:39.674+00:00 last=2026-09-11T18:59:59.873+00:00
2026-09-11T19:00:00.120+00:00 DONE
